// Jest Snapshot v1, https://goo.gl/fbAQLP

exports[`PageNotFound It renders the same UI 1`] = `
<div
  className=""
>
  <nav
    className="navbar navbar-expand-lg navbar-dark bg-primary mb-2"
  >
    <a
      aria-current="page"
      className="navbar-brand d-flex align-items-center active"
      href="/"
      onClick={[Function]}
      style={Object {}}
    >
      <img
        alt="Author Havens Logo"
        src="logo.png"
      />
      <span
        className="h3 font-weight-bold  pl-1"
      >
         Authors Haven 
      </span>
    </a>
    <button
      aria-controls="navbarSupportedContent"
      aria-expanded="false"
      aria-label="Toggle navigation"
      className="navbar-toggler"
      type="button"
    >
      <span
        className="navbar-toggler-icon"
      />
    </button>
    <div
      className="collapse navbar-collapse"
      id="navbarSupportedContent"
    >
      <ul
        className="navbar-nav"
      >
        <li
          className="nav-item"
        >
          <a
            aria-current={null}
            className="nav-link"
            href="/articles"
            onClick={[Function]}
          >
            Articles
          </a>
        </li>
      </ul>
      <ul
        className="navbar-nav ml-auto"
      >
        <li
          className="nav-item"
        >
          <button
            className="nav-link text-light btn-link"
            data-id="login"
            onClick={[Function]}
          >
            login
          </button>
        </li>
        <li
          className="nav-item"
        >
          <button
            className="nav-link text-light btn-link"
            data-id="signup"
            onClick={[Function]}
          >
            Register
          </button>
        </li>
      </ul>
    </div>
  </nav>
  <div
    className="main"
  >
    <div
      className="container"
    >
      <h2
        className="text-center"
      >
        The page you are looking for cannot be found
      </h2>
    </div>
  </div>
</div>
`;
